// Jest Snapshot v1, https://goo.gl/fbAQLP

exports[`Testing Comics list view should renders a list of comics initially 1`] = `
<div>
  <div
    class="container"
  >
    <div
      class="container__filters"
    >
      <div
        class="filters__select"
      >
        <label
          for="format"
        >
          Format:
        </label>
        <select
          id="format"
          name="format"
        >
          <option
            value="comic"
          >
            Comic
          </option>
          <option
            value="magazine"
          >
            Magazine
          </option>
          <option
            value="trade paperback"
          >
            Trade paperback
          </option>
          <option
            value="hardcover"
          >
            Hardcover
          </option>
          <option
            value="digest"
          >
            Digest
          </option>
          <option
            value="graphic novel"
          >
            Graphic novel
          </option>
          <option
            value="digital comic"
          >
            Digital comic
          </option>
          <option
            value="infinite comic"
          >
            Infinite comic
          </option>
        </select>
      </div>
    </div>
    <div
      class="container__cards"
    >
      <div
        class="container"
      >
        <div
          class="container__image"
          style="background-image: url(http://i.annihil.us/u/prod/marvel/i/mg/b/40/image_not_available/portrait_fantastic.jpg);"
        />
        <div
          class="container__info"
        >
          <h1>
            Marvel Previews (2017)
          </h1>
          <div
            class="buttons"
          >
            <button
              class="container__hide"
            >
              <i
                class="fa-solid fa-eye-slash"
              />
            </button>
            <button
              class="container__bookMark "
              data-testid="bookmark"
            >
              <i
                class="fa-solid fa-bookmark"
              />
            </button>
          </div>
        </div>
      </div>
      <div
        class="container"
      >
        <div
          class="container__image"
          style="background-image: url(http://i.annihil.us/u/prod/marvel/i/mg/d/70/4bc69c7e9b9d7/portrait_fantastic.jpg);"
        />
        <div
          class="container__info"
        >
          <h1>
            Ant-Man (2003) #3
          </h1>
          <div
            class="buttons"
          >
            <button
              class="container__hide"
            >
              <i
                class="fa-solid fa-eye-slash"
              />
            </button>
            <button
              class="container__bookMark "
              data-testid="bookmark"
            >
              <i
                class="fa-solid fa-bookmark"
              />
            </button>
          </div>
        </div>
      </div>
    </div>
    <div
      class="container"
    >
      <button
        class="container__button"
        disabled=""
      >
        <i
          class="fa-solid fa-angle-left"
        />
      </button>
      <div
        class="numbers"
      />
      <button
        class="container__button"
      >
        <i
          class="fa-solid fa-angle-right"
        />
      </button>
    </div>
  </div>
</div>
`;
